T6558548.java:20:9: compiler.warn.unreachable.catch: java.io.FileNotFoundException
T6558548.java:134:9: compiler.warn.unreachable.catch: java.lang.RuntimeException
T6558548.java:142:9: compiler.warn.unreachable.catch: java.lang.RuntimeException
T6558548.java:151:9: compiler.warn.unreachable.catch.1: java.lang.InterruptedException,java.lang.RuntimeException
T6558548.java:159:9: compiler.err.except.never.thrown.in.try: java.lang.InterruptedException
T6558548.java:160:9: compiler.warn.unreachable.catch: java.lang.RuntimeException
T6558548.java:168:9: compiler.err.except.never.thrown.in.try: java.lang.InterruptedException
T6558548.java:169:9: compiler.warn.unreachable.catch: java.lang.RuntimeException
T6558548.java:185:9: compiler.warn.unreachable.catch: java.lang.RuntimeException
T6558548.java:193:9: compiler.warn.unreachable.catch: java.lang.RuntimeException
T6558548.java:211:9: compiler.warn.unreachable.catch.1: java.lang.RuntimeException,java.lang.Error
T6558548.java:220:9: compiler.warn.unreachable.catch.1: java.lang.RuntimeException,java.lang.Error
T6558548.java:230:9: compiler.warn.unreachable.catch.1: java.lang.InterruptedException,java.lang.RuntimeException,java.lang.Error
T6558548.java:239:9: compiler.err.except.never.thrown.in.try: java.lang.InterruptedException
T6558548.java:240:9: compiler.warn.unreachable.catch.1: java.lang.RuntimeException,java.lang.Error
T6558548.java:249:9: compiler.err.except.never.thrown.in.try: java.lang.InterruptedException
T6558548.java:250:9: compiler.warn.unreachable.catch.1: java.lang.RuntimeException,java.lang.Error
T6558548.java:268:9: compiler.warn.unreachable.catch.1: java.lang.RuntimeException,java.lang.Error
T6558548.java:277:9: compiler.warn.unreachable.catch.1: java.lang.RuntimeException,java.lang.Error
T6558548.java:291:9: compiler.err.except.never.thrown.in.try: java.lang.InterruptedException
T6558548.java:298:9: compiler.err.except.never.thrown.in.try: java.lang.InterruptedException
6 errors
15 warnings
